// Jest Snapshot v1, https://goo.gl/fbAQLP

exports[`Test in <ImageList /> should render 1`] = `
<Fragment>
  <DropDownsFilter
    setSection={[Function]}
  />
  <br />
  <p
    className="animate__animated animate__flash"
  >
    Loading...
  </p>
  <div
    className="card-columns"
  />
</Fragment>
`;
